// Jest Snapshot v1, https://goo.gl/fbAQLP

exports[`<InputBase/> Match snapshot 1`] = `
<Field
  component={[Function]}
/>
`;
